.....[SecInterp] (BG) INFO - Configuration reset to defaults
...........[SecInterp] (BG) INFO - Projecting collars from Test Layer with buffer 50.0m
[SecInterp] (BG) INFO - No collars found within buffer area.
..[SecInterp] (BG) INFO - Projecting collars from Test Layer with buffer 50.0m
[SecInterp] (BG) INFO - DrillholeService.project_collars END: Found 1 collars.
.................[SecInterp] (BG) INFO - ✓ Saving profile axes...
.[SecInterp] (BG) INFO - ✓ Saving topographic profile...
[SecInterp] (BG) INFO - ✓ Saving interpretation data...
[SecInterp] (BG) INFO - 3D Export features are restricted for this user.
[SecInterp] (BG) INFO - ✓ Saving profile axes...
[SecInterp] (BG) INFO - ✓ Saving topographic profile...
[SecInterp] (BG) INFO - ✓ Saving interpretation data...
[SecInterp] (BG) INFO - ✓ Saving 3D interpretation data...
[SecInterp] (BG) INFO - ✓ Saving profile axes...
.[SecInterp] (BG) INFO - ✓ Saving topographic profile...
[SecInterp] (BG) INFO - ✓ Saving geological profile...
[SecInterp] (BG) INFO - ✓ Saving structural profile...
[SecInterp] (BG) INFO - ✓ Saving drillhole data...
[SecInterp] (BG) INFO - ✓ Saving interpretation data...
[SecInterp] (BG) INFO - Access denied for restricted feature: 3D Export
[SecInterp] (BG) INFO - 3D Export features are restricted for this user.
[SecInterp] (BG) INFO - ✓ Saving profile axes...
.[SecInterp] (BG) INFO - ✓ Saving topographic profile...
[SecInterp] (BG) INFO - No interpretations provided for export.
[SecInterp] (BG) INFO - ✓ Saving profile axes...
...[SecInterp] (BG) INFO - ✓ Saving drillhole data...
.[SecInterp] (BG) INFO - ✓ Saving geological profile...
.[SecInterp] (BG) INFO - ✓ Saving interpretation data...
[SecInterp] (BG) INFO - ✓ Saving 3D interpretation data...
[SecInterp] (BG) WARNING - Invalid section line layer, skipping 3D export.
2026-01-06 19:59:24 | WARNING  | SecInterp.sec_interp.core.services.export_service | _export_interpretations:210 | Thread-129404791569344 | Invalid section line layer, skipping 3D export.
.[SecInterp] (BG) INFO - ✓ Saving interpretation data...
.[SecInterp] (BG) INFO - ✓ Saving structural profile...
.[SecInterp] (BG) INFO - ✓ Saving topographic profile...
...........[SecInterp] (BG) INFO - Generated 1 geological segments
.....................................[SecInterp] (BG) INFO - Generated 1 drillhole traces
..[SecInterp] (BG) ERROR - Failed to process drillhole intervals: Exception: Interval failure
Traceback (most recent call last):
  File "/home/jmbernales/qgispluginsdev/sec_interp/core/services/preview_service.py", line 224, in _generate_drillholes
    _, drillhole_data = self.controller.drillhole_service.process_intervals(
                        ~~~~~~~~~~~~~~~~~~~~~~~~~~~~~~~~~~~~~~~~~~~~~~~~~~~^
        collar_points=projected_collars,
        ^^^^^^^^^^^^^^^^^^^^^^^^^^^^^^^^
    ...<13 lines>...
        interval_fields=interval_fields,
        ^^^^^^^^^^^^^^^^^^^^^^^^^^^^^^^^
    )
    ^
  File "/usr/lib/python3.13/unittest/mock.py", line 1169, in __call__
    return self._mock_call(*args, **kwargs)
           ~~~~~~~~~~~~~~~^^^^^^^^^^^^^^^^^
  File "/usr/lib/python3.13/unittest/mock.py", line 1173, in _mock_call
    return self._execute_mock_call(*args, **kwargs)
           ~~~~~~~~~~~~~~~~~~~~~~~^^^^^^^^^^^^^^^^^
  File "/usr/lib/python3.13/unittest/mock.py", line 1228, in _execute_mock_call
    raise effect
Exception: Interval failure
2026-01-06 19:59:24 | ERROR    | SecInterp.sec_interp.core.services.preview_service | _generate_drillholes:242 | Thread-129404791569344 | Failed to process drillhole intervals: Exception: Interval failure
Traceback (most recent call last):
  File "/home/jmbernales/qgispluginsdev/sec_interp/core/services/preview_service.py", line 224, in _generate_drillholes
    _, drillhole_data = self.controller.drillhole_service.process_intervals(
                        ~~~~~~~~~~~~~~~~~~~~~~~~~~~~~~~~~~~~~~~~~~~~~~~~~~~^
        collar_points=projected_collars,
        ^^^^^^^^^^^^^^^^^^^^^^^^^^^^^^^^
    ...<13 lines>...
        interval_fields=interval_fields,
        ^^^^^^^^^^^^^^^^^^^^^^^^^^^^^^^^
    )
    ^
  File "/usr/lib/python3.13/unittest/mock.py", line 1169, in __call__
    return self._mock_call(*args, **kwargs)
           ~~~~~~~~~~~~~~~^^^^^^^^^^^^^^^^^
  File "/usr/lib/python3.13/unittest/mock.py", line 1173, in _mock_call
    return self._execute_mock_call(*args, **kwargs)
           ~~~~~~~~~~~~~~~~~~~~~~~^^^^^^^^^^^^^^^^^
  File "/usr/lib/python3.13/unittest/mock.py", line 1228, in _execute_mock_call
    raise effect
Exception: Interval failure
[SecInterp] (BG) ERROR - Traceback (most recent call last):
  File "/home/jmbernales/qgispluginsdev/sec_interp/core/services/preview_service.py", line 224, in _generate_drillholes
    _, drillhole_data = self.controller.drillhole_service.process_intervals(
                        ~~~~~~~~~~~~~~~~~~~~~~~~~~~~~~~~~~~~~~~~~~~~~~~~~~~^
        collar_points=projected_collars,
        ^^^^^^^^^^^^^^^^^^^^^^^^^^^^^^^^
    ...<13 lines>...
        interval_fields=interval_fields,
        ^^^^^^^^^^^^^^^^^^^^^^^^^^^^^^^^
    )
    ^
  File "/usr/lib/python3.13/unittest/mock.py", line 1169, in __call__
    return self._mock_call(*args, **kwargs)
           ~~~~~~~~~~~~~~~^^^^^^^^^^^^^^^^^
  File "/usr/lib/python3.13/unittest/mock.py", line 1173, in _mock_call
    return self._execute_mock_call(*args, **kwargs)
           ~~~~~~~~~~~~~~~~~~~~~~~^^^^^^^^^^^^^^^^^
  File "/usr/lib/python3.13/unittest/mock.py", line 1228, in _execute_mock_call
    raise effect
Exception: Interval failure
Traceback (most recent call last):
  File "/home/jmbernales/qgispluginsdev/sec_interp/core/services/preview_service.py", line 224, in _generate_drillholes
    _, drillhole_data = self.controller.drillhole_service.process_intervals(
                        ~~~~~~~~~~~~~~~~~~~~~~~~~~~~~~~~~~~~~~~~~~~~~~~~~~~^
        collar_points=projected_collars,
        ^^^^^^^^^^^^^^^^^^^^^^^^^^^^^^^^
    ...<13 lines>...
        interval_fields=interval_fields,
        ^^^^^^^^^^^^^^^^^^^^^^^^^^^^^^^^
    )
    ^
  File "/usr/lib/python3.13/unittest/mock.py", line 1169, in __call__
    return self._mock_call(*args, **kwargs)
           ~~~~~~~~~~~~~~~^^^^^^^^^^^^^^^^^
  File "/usr/lib/python3.13/unittest/mock.py", line 1173, in _mock_call
    return self._execute_mock_call(*args, **kwargs)
           ~~~~~~~~~~~~~~~~~~~~~~~^^^^^^^^^^^^^^^^^
  File "/usr/lib/python3.13/unittest/mock.py", line 1228, in _execute_mock_call
    raise effect
Exception: Interval failure
2026-01-06 19:59:24 | ERROR    | SecInterp.sec_interp.core.services.preview_service | _generate_drillholes:245 | Thread-129404791569344 | Traceback (most recent call last):
  File "/home/jmbernales/qgispluginsdev/sec_interp/core/services/preview_service.py", line 224, in _generate_drillholes
    _, drillhole_data = self.controller.drillhole_service.process_intervals(
                        ~~~~~~~~~~~~~~~~~~~~~~~~~~~~~~~~~~~~~~~~~~~~~~~~~~~^
        collar_points=projected_collars,
        ^^^^^^^^^^^^^^^^^^^^^^^^^^^^^^^^
    ...<13 lines>...
        interval_fields=interval_fields,
        ^^^^^^^^^^^^^^^^^^^^^^^^^^^^^^^^
    )
    ^
  File "/usr/lib/python3.13/unittest/mock.py", line 1169, in __call__
    return self._mock_call(*args, **kwargs)
           ~~~~~~~~~~~~~~~^^^^^^^^^^^^^^^^^
  File "/usr/lib/python3.13/unittest/mock.py", line 1173, in _mock_call
    return self._execute_mock_call(*args, **kwargs)
           ~~~~~~~~~~~~~~~~~~~~~~~^^^^^^^^^^^^^^^^^
  File "/usr/lib/python3.13/unittest/mock.py", line 1228, in _execute_mock_call
    raise effect
Exception: Interval failure
Traceback (most recent call last):
  File "/home/jmbernales/qgispluginsdev/sec_interp/core/services/preview_service.py", line 224, in _generate_drillholes
    _, drillhole_data = self.controller.drillhole_service.process_intervals(
                        ~~~~~~~~~~~~~~~~~~~~~~~~~~~~~~~~~~~~~~~~~~~~~~~~~~~^
        collar_points=projected_collars,
        ^^^^^^^^^^^^^^^^^^^^^^^^^^^^^^^^
    ...<13 lines>...
        interval_fields=interval_fields,
        ^^^^^^^^^^^^^^^^^^^^^^^^^^^^^^^^
    )
    ^
  File "/usr/lib/python3.13/unittest/mock.py", line 1169, in __call__
    return self._mock_call(*args, **kwargs)
           ~~~~~~~~~~~~~~~^^^^^^^^^^^^^^^^^
  File "/usr/lib/python3.13/unittest/mock.py", line 1173, in _mock_call
    return self._execute_mock_call(*args, **kwargs)
           ~~~~~~~~~~~~~~~~~~~~~~~^^^^^^^^^^^^^^^^^
  File "/usr/lib/python3.13/unittest/mock.py", line 1228, in _execute_mock_call
    raise effect
Exception: Interval failure
.[SecInterp] (BG) INFO - Generated 1 drillhole traces
..[SecInterp] (BG) INFO - Drillhole preview skipped: No Collar ID field selected.
.......[SecInterp] (BG) ERROR - Failed to export profile line to /tmp/test_export.shp
Traceback (most recent call last):
  File "/home/jmbernales/qgispluginsdev/sec_interp/exporters/profile_exporters.py", line 54, in export
    writer = scu.create_shapefile_writer(str(output_path), crs, fields)
  File "/usr/lib/python3.13/unittest/mock.py", line 1169, in __call__
    return self._mock_call(*args, **kwargs)
           ~~~~~~~~~~~~~~~^^^^^^^^^^^^^^^^^
  File "/usr/lib/python3.13/unittest/mock.py", line 1173, in _mock_call
    return self._execute_mock_call(*args, **kwargs)
           ~~~~~~~~~~~~~~~~~~~~~~~^^^^^^^^^^^^^^^^^
  File "/usr/lib/python3.13/unittest/mock.py", line 1228, in _execute_mock_call
    raise effect
Exception: mock fail
2026-01-06 19:59:24 | ERROR    | SecInterp.sec_interp.exporters.profile_exporters | export:61 | Thread-129404791569344 | Failed to export profile line to /tmp/test_export.shp
Traceback (most recent call last):
  File "/home/jmbernales/qgispluginsdev/sec_interp/exporters/profile_exporters.py", line 54, in export
    writer = scu.create_shapefile_writer(str(output_path), crs, fields)
  File "/usr/lib/python3.13/unittest/mock.py", line 1169, in __call__
    return self._mock_call(*args, **kwargs)
           ~~~~~~~~~~~~~~~^^^^^^^^^^^^^^^^^
  File "/usr/lib/python3.13/unittest/mock.py", line 1173, in _mock_call
    return self._execute_mock_call(*args, **kwargs)
           ~~~~~~~~~~~~~~~~~~~~~~~^^^^^^^^^^^^^^^^^
  File "/usr/lib/python3.13/unittest/mock.py", line 1228, in _execute_mock_call
    raise effect
Exception: mock fail
[SecInterp] (BG) ERROR - Failed to export geology profile to /tmp/test_export.shp
Traceback (most recent call last):
  File "/home/jmbernales/qgispluginsdev/sec_interp/exporters/profile_exporters.py", line 89, in export
    writer = scu.create_shapefile_writer(str(output_path), crs, fields)
  File "/usr/lib/python3.13/unittest/mock.py", line 1169, in __call__
    return self._mock_call(*args, **kwargs)
           ~~~~~~~~~~~~~~~^^^^^^^^^^^^^^^^^
  File "/usr/lib/python3.13/unittest/mock.py", line 1173, in _mock_call
    return self._execute_mock_call(*args, **kwargs)
           ~~~~~~~~~~~~~~~~~~~~~~~^^^^^^^^^^^^^^^^^
  File "/usr/lib/python3.13/unittest/mock.py", line 1228, in _execute_mock_call
    raise effect
  File "/home/jmbernales/qgispluginsdev/sec_interp/exporters/profile_exporters.py", line 54, in export
    writer = scu.create_shapefile_writer(str(output_path), crs, fields)
  File "/usr/lib/python3.13/unittest/mock.py", line 1169, in __call__
    return self._mock_call(*args, **kwargs)
           ~~~~~~~~~~~~~~~^^^^^^^^^^^^^^^^^
  File "/usr/lib/python3.13/unittest/mock.py", line 1173, in _mock_call
    return self._execute_mock_call(*args, **kwargs)
           ~~~~~~~~~~~~~~~~~~~~~~~^^^^^^^^^^^^^^^^^
  File "/usr/lib/python3.13/unittest/mock.py", line 1228, in _execute_mock_call
    raise effect
Exception: mock fail
2026-01-06 19:59:24 | ERROR    | SecInterp.sec_interp.exporters.profile_exporters | export:97 | Thread-129404791569344 | Failed to export geology profile to /tmp/test_export.shp
Traceback (most recent call last):
  File "/home/jmbernales/qgispluginsdev/sec_interp/exporters/profile_exporters.py", line 89, in export
    writer = scu.create_shapefile_writer(str(output_path), crs, fields)
  File "/usr/lib/python3.13/unittest/mock.py", line 1169, in __call__
    return self._mock_call(*args, **kwargs)
           ~~~~~~~~~~~~~~~^^^^^^^^^^^^^^^^^
  File "/usr/lib/python3.13/unittest/mock.py", line 1173, in _mock_call
    return self._execute_mock_call(*args, **kwargs)
           ~~~~~~~~~~~~~~~~~~~~~~~^^^^^^^^^^^^^^^^^
  File "/usr/lib/python3.13/unittest/mock.py", line 1228, in _execute_mock_call
    raise effect
  File "/home/jmbernales/qgispluginsdev/sec_interp/exporters/profile_exporters.py", line 54, in export
    writer = scu.create_shapefile_writer(str(output_path), crs, fields)
  File "/usr/lib/python3.13/unittest/mock.py", line 1169, in __call__
    return self._mock_call(*args, **kwargs)
           ~~~~~~~~~~~~~~~^^^^^^^^^^^^^^^^^
  File "/usr/lib/python3.13/unittest/mock.py", line 1173, in _mock_call
    return self._execute_mock_call(*args, **kwargs)
           ~~~~~~~~~~~~~~~~~~~~~~~^^^^^^^^^^^^^^^^^
  File "/usr/lib/python3.13/unittest/mock.py", line 1228, in _execute_mock_call
    raise effect
Exception: mock fail
[SecInterp] (BG) ERROR - Failed to export structural profile to /tmp/test_export.shp
Traceback (most recent call last):
  File "/home/jmbernales/qgispluginsdev/sec_interp/exporters/profile_exporters.py", line 157, in export
    writer = scu.create_shapefile_writer(str(output_path), crs, fields)
  File "/usr/lib/python3.13/unittest/mock.py", line 1169, in __call__
    return self._mock_call(*args, **kwargs)
           ~~~~~~~~~~~~~~~^^^^^^^^^^^^^^^^^
  File "/usr/lib/python3.13/unittest/mock.py", line 1173, in _mock_call
    return self._execute_mock_call(*args, **kwargs)
           ~~~~~~~~~~~~~~~~~~~~~~~^^^^^^^^^^^^^^^^^
  File "/usr/lib/python3.13/unittest/mock.py", line 1228, in _execute_mock_call
    raise effect
  File "/home/jmbernales/qgispluginsdev/sec_interp/exporters/profile_exporters.py", line 89, in export
    writer = scu.create_shapefile_writer(str(output_path), crs, fields)
  File "/usr/lib/python3.13/unittest/mock.py", line 1169, in __call__
    return self._mock_call(*args, **kwargs)
           ~~~~~~~~~~~~~~~^^^^^^^^^^^^^^^^^
  File "/usr/lib/python3.13/unittest/mock.py", line 1173, in _mock_call
    return self._execute_mock_call(*args, **kwargs)
           ~~~~~~~~~~~~~~~~~~~~~~~^^^^^^^^^^^^^^^^^
  File "/usr/lib/python3.13/unittest/mock.py", line 1228, in _execute_mock_call
    raise effect
  File "/home/jmbernales/qgispluginsdev/sec_interp/exporters/profile_exporters.py", line 54, in export
    writer = scu.create_shapefile_writer(str(output_path), crs, fields)
  File "/usr/lib/python3.13/unittest/mock.py", line 1169, in __call__
    return self._mock_call(*args, **kwargs)
           ~~~~~~~~~~~~~~~^^^^^^^^^^^^^^^^^
  File "/usr/lib/python3.13/unittest/mock.py", line 1173, in _mock_call
    return self._execute_mock_call(*args, **kwargs)
           ~~~~~~~~~~~~~~~~~~~~~~~^^^^^^^^^^^^^^^^^
  File "/usr/lib/python3.13/unittest/mock.py", line 1228, in _execute_mock_call
    raise effect
Exception: mock fail
2026-01-06 19:59:24 | ERROR    | SecInterp.sec_interp.exporters.profile_exporters | export:166 | Thread-129404791569344 | Failed to export structural profile to /tmp/test_export.shp
Traceback (most recent call last):
  File "/home/jmbernales/qgispluginsdev/sec_interp/exporters/profile_exporters.py", line 157, in export
    writer = scu.create_shapefile_writer(str(output_path), crs, fields)
  File "/usr/lib/python3.13/unittest/mock.py", line 1169, in __call__
    return self._mock_call(*args, **kwargs)
           ~~~~~~~~~~~~~~~^^^^^^^^^^^^^^^^^
  File "/usr/lib/python3.13/unittest/mock.py", line 1173, in _mock_call
    return self._execute_mock_call(*args, **kwargs)
           ~~~~~~~~~~~~~~~~~~~~~~~^^^^^^^^^^^^^^^^^
  File "/usr/lib/python3.13/unittest/mock.py", line 1228, in _execute_mock_call
    raise effect
  File "/home/jmbernales/qgispluginsdev/sec_interp/exporters/profile_exporters.py", line 89, in export
    writer = scu.create_shapefile_writer(str(output_path), crs, fields)
  File "/usr/lib/python3.13/unittest/mock.py", line 1169, in __call__
    return self._mock_call(*args, **kwargs)
           ~~~~~~~~~~~~~~~^^^^^^^^^^^^^^^^^
  File "/usr/lib/python3.13/unittest/mock.py", line 1173, in _mock_call
    return self._execute_mock_call(*args, **kwargs)
           ~~~~~~~~~~~~~~~~~~~~~~~^^^^^^^^^^^^^^^^^
  File "/usr/lib/python3.13/unittest/mock.py", line 1228, in _execute_mock_call
    raise effect
  File "/home/jmbernales/qgispluginsdev/sec_interp/exporters/profile_exporters.py", line 54, in export
    writer = scu.create_shapefile_writer(str(output_path), crs, fields)
  File "/usr/lib/python3.13/unittest/mock.py", line 1169, in __call__
    return self._mock_call(*args, **kwargs)
           ~~~~~~~~~~~~~~~^^^^^^^^^^^^^^^^^
  File "/usr/lib/python3.13/unittest/mock.py", line 1173, in _mock_call
    return self._execute_mock_call(*args, **kwargs)
           ~~~~~~~~~~~~~~~~~~~~~~~^^^^^^^^^^^^^^^^^
  File "/usr/lib/python3.13/unittest/mock.py", line 1228, in _execute_mock_call
    raise effect
Exception: mock fail
[SecInterp] (BG) ERROR - Failed to export axes to /tmp/test_export.shp
Traceback (most recent call last):
  File "/home/jmbernales/qgispluginsdev/sec_interp/exporters/profile_exporters.py", line 261, in export
    writer = scu.create_shapefile_writer(str(output_path), crs, fields)
  File "/usr/lib/python3.13/unittest/mock.py", line 1169, in __call__
    return self._mock_call(*args, **kwargs)
           ~~~~~~~~~~~~~~~^^^^^^^^^^^^^^^^^
  File "/usr/lib/python3.13/unittest/mock.py", line 1173, in _mock_call
    return self._execute_mock_call(*args, **kwargs)
           ~~~~~~~~~~~~~~~~~~~~~~~^^^^^^^^^^^^^^^^^
  File "/usr/lib/python3.13/unittest/mock.py", line 1228, in _execute_mock_call
    raise effect
  File "/home/jmbernales/qgispluginsdev/sec_interp/exporters/profile_exporters.py", line 157, in export
    writer = scu.create_shapefile_writer(str(output_path), crs, fields)
  File "/usr/lib/python3.13/unittest/mock.py", line 1169, in __call__
    return self._mock_call(*args, **kwargs)
           ~~~~~~~~~~~~~~~^^^^^^^^^^^^^^^^^
  File "/usr/lib/python3.13/unittest/mock.py", line 1173, in _mock_call
    return self._execute_mock_call(*args, **kwargs)
           ~~~~~~~~~~~~~~~~~~~~~~~^^^^^^^^^^^^^^^^^
  File "/usr/lib/python3.13/unittest/mock.py", line 1228, in _execute_mock_call
    raise effect
  File "/home/jmbernales/qgispluginsdev/sec_interp/exporters/profile_exporters.py", line 89, in export
    writer = scu.create_shapefile_writer(str(output_path), crs, fields)
  File "/usr/lib/python3.13/unittest/mock.py", line 1169, in __call__
    return self._mock_call(*args, **kwargs)
           ~~~~~~~~~~~~~~~^^^^^^^^^^^^^^^^^
  File "/usr/lib/python3.13/unittest/mock.py", line 1173, in _mock_call
    return self._execute_mock_call(*args, **kwargs)
           ~~~~~~~~~~~~~~~~~~~~~~~^^^^^^^^^^^^^^^^^
  File "/usr/lib/python3.13/unittest/mock.py", line 1228, in _execute_mock_call
    raise effect
  File "/home/jmbernales/qgispluginsdev/sec_interp/exporters/profile_exporters.py", line 54, in export
    writer = scu.create_shapefile_writer(str(output_path), crs, fields)
  File "/usr/lib/python3.13/unittest/mock.py", line 1169, in __call__
    return self._mock_call(*args, **kwargs)
           ~~~~~~~~~~~~~~~^^^^^^^^^^^^^^^^^
  File "/usr/lib/python3.13/unittest/mock.py", line 1173, in _mock_call
    return self._execute_mock_call(*args, **kwargs)
           ~~~~~~~~~~~~~~~~~~~~~~~^^^^^^^^^^^^^^^^^
  File "/usr/lib/python3.13/unittest/mock.py", line 1228, in _execute_mock_call
    raise effect
Exception: mock fail
2026-01-06 19:59:24 | ERROR    | SecInterp.sec_interp.exporters.profile_exporters | export:272 | Thread-129404791569344 | Failed to export axes to /tmp/test_export.shp
Traceback (most recent call last):
  File "/home/jmbernales/qgispluginsdev/sec_interp/exporters/profile_exporters.py", line 261, in export
    writer = scu.create_shapefile_writer(str(output_path), crs, fields)
  File "/usr/lib/python3.13/unittest/mock.py", line 1169, in __call__
    return self._mock_call(*args, **kwargs)
           ~~~~~~~~~~~~~~~^^^^^^^^^^^^^^^^^
  File "/usr/lib/python3.13/unittest/mock.py", line 1173, in _mock_call
    return self._execute_mock_call(*args, **kwargs)
           ~~~~~~~~~~~~~~~~~~~~~~~^^^^^^^^^^^^^^^^^
  File "/usr/lib/python3.13/unittest/mock.py", line 1228, in _execute_mock_call
    raise effect
  File "/home/jmbernales/qgispluginsdev/sec_interp/exporters/profile_exporters.py", line 157, in export
    writer = scu.create_shapefile_writer(str(output_path), crs, fields)
  File "/usr/lib/python3.13/unittest/mock.py", line 1169, in __call__
    return self._mock_call(*args, **kwargs)
           ~~~~~~~~~~~~~~~^^^^^^^^^^^^^^^^^
  File "/usr/lib/python3.13/unittest/mock.py", line 1173, in _mock_call
    return self._execute_mock_call(*args, **kwargs)
           ~~~~~~~~~~~~~~~~~~~~~~~^^^^^^^^^^^^^^^^^
  File "/usr/lib/python3.13/unittest/mock.py", line 1228, in _execute_mock_call
    raise effect
  File "/home/jmbernales/qgispluginsdev/sec_interp/exporters/profile_exporters.py", line 89, in export
    writer = scu.create_shapefile_writer(str(output_path), crs, fields)
  File "/usr/lib/python3.13/unittest/mock.py", line 1169, in __call__
    return self._mock_call(*args, **kwargs)
           ~~~~~~~~~~~~~~~^^^^^^^^^^^^^^^^^
  File "/usr/lib/python3.13/unittest/mock.py", line 1173, in _mock_call
    return self._execute_mock_call(*args, **kwargs)
           ~~~~~~~~~~~~~~~~~~~~~~~^^^^^^^^^^^^^^^^^
  File "/usr/lib/python3.13/unittest/mock.py", line 1228, in _execute_mock_call
    raise effect
  File "/home/jmbernales/qgispluginsdev/sec_interp/exporters/profile_exporters.py", line 54, in export
    writer = scu.create_shapefile_writer(str(output_path), crs, fields)
  File "/usr/lib/python3.13/unittest/mock.py", line 1169, in __call__
    return self._mock_call(*args, **kwargs)
           ~~~~~~~~~~~~~~~^^^^^^^^^^^^^^^^^
  File "/usr/lib/python3.13/unittest/mock.py", line 1173, in _mock_call
    return self._execute_mock_call(*args, **kwargs)
           ~~~~~~~~~~~~~~~~~~~~~~~^^^^^^^^^^^^^^^^^
  File "/usr/lib/python3.13/unittest/mock.py", line 1228, in _execute_mock_call
    raise effect
Exception: mock fail
.................................[SecInterp] (BG) ERROR - Buffer creation failed
Traceback (most recent call last):
  File "/home/jmbernales/qgispluginsdev/sec_interp/core/services/structure_service.py", line 150, in _create_buffer_zone
    return scu.create_buffer_geometry(line_geom, crs, buffer_m, segments=25)
           ~~~~~~~~~~~~~~~~~~~~~~~~~~^^^^^^^^^^^^^^^^^^^^^^^^^^^^^^^^^^^^^^^
  File "/usr/lib/python3.13/unittest/mock.py", line 1169, in __call__
    return self._mock_call(*args, **kwargs)
           ~~~~~~~~~~~~~~~^^^^^^^^^^^^^^^^^
  File "/usr/lib/python3.13/unittest/mock.py", line 1173, in _mock_call
    return self._execute_mock_call(*args, **kwargs)
           ~~~~~~~~~~~~~~~~~~~~~~~^^^^^^^^^^^^^^^^^
  File "/usr/lib/python3.13/unittest/mock.py", line 1228, in _execute_mock_call
    raise effect
ValueError: Test Error
2026-01-06 19:59:24 | ERROR    | SecInterp.sec_interp.core.services.structure_service | _create_buffer_zone:152 | Thread-129404791569344 | Buffer creation failed
Traceback (most recent call last):
  File "/home/jmbernales/qgispluginsdev/sec_interp/core/services/structure_service.py", line 150, in _create_buffer_zone
    return scu.create_buffer_geometry(line_geom, crs, buffer_m, segments=25)
           ~~~~~~~~~~~~~~~~~~~~~~~~~~^^^^^^^^^^^^^^^^^^^^^^^^^^^^^^^^^^^^^^^
  File "/usr/lib/python3.13/unittest/mock.py", line 1169, in __call__
    return self._mock_call(*args, **kwargs)
           ~~~~~~~~~~~~~~~^^^^^^^^^^^^^^^^^
  File "/usr/lib/python3.13/unittest/mock.py", line 1173, in _mock_call
    return self._execute_mock_call(*args, **kwargs)
           ~~~~~~~~~~~~~~~~~~~~~~~^^^^^^^^^^^^^^^^^
  File "/usr/lib/python3.13/unittest/mock.py", line 1228, in _execute_mock_call
    raise effect
ValueError: Test Error
..[SecInterp] (BG) INFO - Analyzing structures in Structure Layer with buffer 10m
[SecInterp] (BG) INFO - Processed 1 structural measurements from Structure Layer
.....s.ss..........s...........................................EE[SecInterp] (BG) INFO - Section Plane: Origin(0.00, 0.00), Azimuth(0.00 deg)
E[SecInterp] (BG) INFO - Section Plane: Origin(0.00, 0.00), Azimuth(90.00 deg)
E[SecInterp] (BG) INFO - Section Plane: Origin(0.00, 0.00), Azimuth(0.00 deg)
E[SecInterp] (BG) INFO - Loaded 0 interpretations from project
[SecInterp] (BG) WARNING - Failed to restore custom fields: the JSON object must be str, bytes or bytearray, not float
2026-01-06 19:59:24 | WARNING  | SecInterp.sec_interp.gui.main_dialog_settings | load_settings:176 | Thread-129404791569344 | Failed to restore custom fields: the JSON object must be str, bytes or bytearray, not float
[SecInterp] (BG) INFO - Settings loaded successfully from Project/Global config
[SecInterp] (BG) INFO - Cache cleared by user
.[SecInterp] (BG) ERROR - Test Title: Test Message
2026-01-06 19:59:24 | ERROR    | SecInterp.sec_interp.gui.utils | show_user_message:28 | Thread-129404791569344 | Test Title: Test Message
.[SecInterp] (BG) INFO - Test Title: Test Message
.[SecInterp] (BG) WARNING - Test Title: Test Message
2026-01-06 19:59:24 | WARNING  | SecInterp.sec_interp.gui.utils | show_user_message:30 | Thread-129404791569344 | Test Title: Test Message
.......[2026-01-06 19:59:24.676] CRITICAL_OP: finalize_polygon | points=2
[SecInterp] (BG) WARNING - finalize_polygon() aborted - less than 3 points
2026-01-06 19:59:24 | WARNING  | SecInterp.sec_interp.gui.tools.interpretation_tool | finalize_polygon:281 | Thread-129404791569344 | finalize_polygon() aborted - less than 3 points
.[2026-01-06 19:59:24.680] CRITICAL_OP: finalize_polygon | points=3
[SecInterp] (BG) INFO - Interpretation polygon finalized with 3 vertices, ID: 1c1a2471-2664-4d67-b9fe-fef50124abb4
....[2026-01-06 19:59:24.690] CRITICAL_OP: reset_interpretation_tool | points=0
.[2026-01-06 19:59:24.695] CRITICAL_OP: reset_interpretation_tool | points=0
....[SecInterp] (BG) WARNING - Failed to create locator for layer layer1: mock error
2026-01-06 19:59:24 | WARNING  | SecInterp.sec_interp.gui.tools.interpretation_tool | _get_locator:109 | Thread-129404791569344 | Failed to create locator for layer layer1: mock error
..................................[SecInterp] (BG) INFO - reset() called, finalized=False
.[SecInterp] (BG) INFO - finalize_measurement called with 1 points
[SecInterp] (BG) WARNING - Cannot finalize measurement with less than 2 points
2026-01-06 19:59:24 | WARNING  | SecInterp.sec_interp.gui.tools.measure_tool | finalize_measurement:254 | Thread-129404791569344 | Cannot finalize measurement with less than 2 points
.[SecInterp] (BG) INFO - finalize_measurement called with 2 points
[SecInterp] (BG) INFO - Setting finalized = True
[SecInterp] (BG) INFO - Measurement finalized: 2 points, 100.00m total distance
[SecInterp] (BG) INFO - Switching to pan tool to stop measurement
[SecInterp] (BG) INFO - Pan tool activated - measurement should be frozen
[SecInterp] (BG) INFO - Ignoring click - measurement is finalized
.[SecInterp] (BG) INFO - finalize_measurement called with 2 points
[SecInterp] (BG) INFO - Setting finalized = True
[SecInterp] (BG) INFO - Measurement finalized: 2 points, 100.00m total distance
[SecInterp] (BG) INFO - Switching to pan tool to stop measurement
[SecInterp] (BG) INFO - Pan tool activated - measurement should be frozen
[SecInterp] (BG) INFO - reset() called, finalized=False
.[SecInterp] (BG) INFO - reset() called, finalized=False
[SecInterp] (BG) INFO - reset() called, finalized=True
[SecInterp] (BG) INFO - Measurement is finalized - keeping visuals and results, clearing data only
.[SecInterp] (BG) INFO - reset() called, finalized=False
.[SecInterp] (BG) INFO - finalize_measurement called with 2 points
[SecInterp] (BG) INFO - Setting finalized = True
[SecInterp] (BG) INFO - Measurement finalized: 2 points, 100.00m total distance
[SecInterp] (BG) INFO - Rubber band redrawn with final points only
[SecInterp] (BG) INFO - Switching to pan tool to stop measurement
[SecInterp] (BG) INFO - Pan tool activated - measurement should be frozen
...[SecInterp] (BG) WARNING - Failed to create locator for layer layer1: mock error
2026-01-06 19:59:24 | WARNING  | SecInterp.sec_interp.gui.tools.measure_tool | _get_locator:101 | Thread-129404791569344 | Failed to create locator for layer layer1: mock error
...[SecInterp] (BG) WARNING - Failed to create locator for layer l2: fail
2026-01-06 19:59:24 | WARNING  | SecInterp.sec_interp.gui.tools.measure_tool | _get_locator:101 | Thread-129404791569344 | Failed to create locator for layer l2: fail
..[SecInterp] (BG) INFO - reset() called, finalized=False
.[SecInterp] (BG) INFO - Thread processing canceled.
.[SecInterp] (BG) ERROR - Error in processing thread: Boom
Traceback (most recent call last):
  File "/home/jmbernales/qgispluginsdev/sec_interp/gui/services/parallel_geology_service.py", line 66, in run
    res = self.processing_func(item)
  File "/home/jmbernales/qgispluginsdev/sec_interp/tests/gui/test_parallel_geology_service.py", line 74, in process_func
    raise ValueError("Boom")
ValueError: Boom
2026-01-06 19:59:24 | ERROR    | SecInterp.sec_interp.gui.services.parallel_geology_service | run:77 | Thread-129404791569344 | Error in processing thread: Boom
Traceback (most recent call last):
  File "/home/jmbernales/qgispluginsdev/sec_interp/gui/services/parallel_geology_service.py", line 66, in run
    res = self.processing_func(item)
  File "/home/jmbernales/qgispluginsdev/sec_interp/tests/gui/test_parallel_geology_service.py", line 74, in process_func
    raise ValueError("Boom")
ValueError: Boom
..[SecInterp] (BG) INFO - Canceling 2 active threads...
...[SecInterp] (BG) ERROR - Parallel processing error: Test error
2026-01-06 19:59:24 | ERROR    | SecInterp.sec_interp.gui.services.parallel_geology_service | _on_chunk_error:197 | Thread-129404791569344 | Parallel processing error: Test error
[SecInterp] (BG) INFO - Canceling 2 active threads...
........[SecInterp] (BG) INFO - Adding 1 drillhole trace features to layer
.....[SecInterp] (BG) ERROR - Failed to create memory layer: Fail
2026-01-06 19:59:24 | ERROR    | SecInterp.sec_interp.gui.preview_layer_factory | create_memory_layer:104 | Thread-129404791569344 | Failed to create memory layer: Fail
[SecInterp] (BG) WARNING - No drillhole data provided for trace layer
2026-01-06 19:59:24 | WARNING  | SecInterp.sec_interp.gui.preview_layer_factory | create_drillhole_trace_layer:350 | Thread-129404791569344 | No drillhole data provided for trace layer
[SecInterp] (BG) INFO - Adding 0 drillhole trace features to layer
.......[SecInterp] (BG) WARNING - No valid layers to render
2026-01-06 19:59:24 | WARNING  | SecInterp.sec_interp.gui.preview_renderer | render:146 | Thread-129404791569344 | No valid layers to render
[SecInterp] (BG) ERROR - Error exporting preview
Traceback (most recent call last):
  File "/home/jmbernales/qgispluginsdev/sec_interp/gui/preview_renderer.py", line 188, in export_to_image
    settings = QgsMapSettings()
  File "/usr/lib/python3.13/unittest/mock.py", line 1169, in __call__
    return self._mock_call(*args, **kwargs)
           ~~~~~~~~~~~~~~~^^^^^^^^^^^^^^^^^
  File "/usr/lib/python3.13/unittest/mock.py", line 1173, in _mock_call
    return self._execute_mock_call(*args, **kwargs)
           ~~~~~~~~~~~~~~~~~~~~~~~^^^^^^^^^^^^^^^^^
  File "/usr/lib/python3.13/unittest/mock.py", line 1228, in _execute_mock_call
    raise effect
Exception: Boom
2026-01-06 19:59:24 | ERROR    | SecInterp.sec_interp.gui.preview_renderer | export_to_image:211 | Thread-129404791569344 | Error exporting preview
Traceback (most recent call last):
  File "/home/jmbernales/qgispluginsdev/sec_interp/gui/preview_renderer.py", line 188, in export_to_image
    settings = QgsMapSettings()
  File "/usr/lib/python3.13/unittest/mock.py", line 1169, in __call__
    return self._mock_call(*args, **kwargs)
           ~~~~~~~~~~~~~~~^^^^^^^^^^^^^^^^^
  File "/usr/lib/python3.13/unittest/mock.py", line 1173, in _mock_call
    return self._execute_mock_call(*args, **kwargs)
           ~~~~~~~~~~~~~~~~~~~~~~~^^^^^^^^^^^^^^^^^
  File "/usr/lib/python3.13/unittest/mock.py", line 1228, in _execute_mock_call
    raise effect
Exception: Boom
....[SecInterp] (BG) WARNING - No valid layers to render
2026-01-06 19:59:24 | WARNING  | SecInterp.sec_interp.gui.preview_renderer | render:146 | Thread-129404791569344 | No valid layers to render
........[SecInterp] (BG) INFO - Section Plane: Origin(1000.00, 2000.00), Azimuth(0.00 deg)
E[SecInterp] (BG) INFO - Section Plane: Origin(1000.00, 2000.00), Azimuth(90.00 deg)
EEEE[SecInterp] (BG) INFO - finalize_measurement called with 2 points
[SecInterp] (BG) INFO - Setting finalized = True
[SecInterp] (BG) INFO - Measurement finalized: 2 points, 14.14m total distance
[SecInterp] (BG) INFO - Rubber band redrawn with final points only
[SecInterp] (BG) INFO - Switching to pan tool to stop measurement
[SecInterp] (BG) INFO - Pan tool activated - measurement should be frozen
[SecInterp] (BG) INFO - reset() called, finalized=True
[SecInterp] (BG) INFO - Measurement is finalized - keeping visuals and results, clearing data only
.FEF.......
======================================================================
ERROR: test_2d_exporter_dynamic_fields (exporters.test_dynamic_attrs.TestDynamicAttributes.test_2d_exporter_dynamic_fields)
Verify that 2D exporter creates fields for custom attributes.
----------------------------------------------------------------------
Traceback (most recent call last):
  File "/home/jmbernales/qgispluginsdev/sec_interp/tests/exporters/test_dynamic_attrs.py", line 43, in test_2d_exporter_dynamic_fields
    exporter.export(output_path, {"interpretations": [interp]})
    ~~~~~~~~~~~~~~~^^^^^^^^^^^^^^^^^^^^^^^^^^^^^^^^^^^^^^^^^^^^
  File "/home/jmbernales/qgispluginsdev/sec_interp/exporters/interpretation_exporters.py", line 129, in export
    result, error_msg, _new_layer_id, _new_layer_path = (
    ^^^^^^^^^^^^^^^^^^^^^^^^^^^^^^^^^^^^^^^^^^^^^^^^^
ValueError: not enough values to unpack (expected 4, got 0)

======================================================================
ERROR: exporters.test_exporters (unittest.loader._FailedTest.exporters.test_exporters)
----------------------------------------------------------------------
ImportError: Failed to import test module: exporters.test_exporters
Traceback (most recent call last):
  File "/usr/lib/python3.13/unittest/loader.py", line 396, in _find_test_path
    module = self._get_module_from_name(name)
  File "/usr/lib/python3.13/unittest/loader.py", line 339, in _get_module_from_name
    __import__(name)
    ~~~~~~~~~~^^^^^^
  File "/home/jmbernales/qgispluginsdev/sec_interp/tests/exporters/test_exporters.py", line 9, in <module>
    from exporters.csv_exporter import CSVExporter
ModuleNotFoundError: No module named 'exporters.csv_exporter'


======================================================================
ERROR: test_azimuth_calculation_east (exporters.test_interpretation_3d_exporter.TestInterpretation3DExporter.test_azimuth_calculation_east)
Test azimuth calculation for East direction.
----------------------------------------------------------------------
Traceback (most recent call last):
  File "/home/jmbernales/qgispluginsdev/sec_interp/tests/exporters/test_interpretation_3d_exporter.py", line 65, in test_azimuth_calculation_east
    exporter.export("/tmp/test.shp", data)
    ~~~~~~~~~~~~~~~^^^^^^^^^^^^^^^^^^^^^^^
  File "/home/jmbernales/qgispluginsdev/sec_interp/exporters/interpretation_3d_exporter.py", line 80, in export
    features = self._collect_projected_features(
        interpretations, fields, sorted_keys, origin_x, origin_y, azimuth
    )
  File "/home/jmbernales/qgispluginsdev/sec_interp/exporters/interpretation_3d_exporter.py", line 351, in _collect_projected_features
    self._project_to_3d_features(
    ~~~~~~~~~~~~~~~~~~~~~~~~~~~~^
        geom_2d,
        ^^^^^^^^
    ...<6 lines>...
        vert_exag=1.0,
        ^^^^^^^^^^^^^^
    )
    ^
  File "/home/jmbernales/qgispluginsdev/sec_interp/exporters/interpretation_3d_exporter.py", line 193, in _project_to_3d_features
    polygons_2d = geom_2d.asMultiPolygon() if geom_2d.isMultipart() else [geom_2d.asPolygon()]
                                                                          ^^^^^^^^^^^^^^^^^
AttributeError: 'MockQgsGeometry' object has no attribute 'asPolygon'. Did you mean: 'asPolyline'?

======================================================================
ERROR: test_geometric_transformation_north (exporters.test_interpretation_3d_exporter.TestInterpretation3DExporter.test_geometric_transformation_north)
Test geometric transformation for North direction (Azimuth 90 deg).
----------------------------------------------------------------------
Traceback (most recent call last):
  File "/home/jmbernales/qgispluginsdev/sec_interp/tests/exporters/test_interpretation_3d_exporter.py", line 89, in test_geometric_transformation_north
    exporter.export("dummy.shp", data)
    ~~~~~~~~~~~~~~~^^^^^^^^^^^^^^^^^^^
  File "/home/jmbernales/qgispluginsdev/sec_interp/exporters/interpretation_3d_exporter.py", line 80, in export
    features = self._collect_projected_features(
        interpretations, fields, sorted_keys, origin_x, origin_y, azimuth
    )
  File "/home/jmbernales/qgispluginsdev/sec_interp/exporters/interpretation_3d_exporter.py", line 351, in _collect_projected_features
    self._project_to_3d_features(
    ~~~~~~~~~~~~~~~~~~~~~~~~~~~~^
        geom_2d,
        ^^^^^^^^
    ...<6 lines>...
        vert_exag=1.0,
        ^^^^^^^^^^^^^^
    )
    ^
  File "/home/jmbernales/qgispluginsdev/sec_interp/exporters/interpretation_3d_exporter.py", line 193, in _project_to_3d_features
    polygons_2d = geom_2d.asMultiPolygon() if geom_2d.isMultipart() else [geom_2d.asPolygon()]
                                                                          ^^^^^^^^^^^^^^^^^
AttributeError: 'MockQgsGeometry' object has no attribute 'asPolygon'. Did you mean: 'asPolyline'?

======================================================================
ERROR: test_overturned_fold_geometry (exporters.test_interpretation_3d_exporter.TestInterpretation3DExporter.test_overturned_fold_geometry)
Test that 'backwards' X values (geometric regression) are handled correctly.
----------------------------------------------------------------------
Traceback (most recent call last):
  File "/home/jmbernales/qgispluginsdev/sec_interp/tests/exporters/test_interpretation_3d_exporter.py", line 125, in test_overturned_fold_geometry
    exporter.export("dummy.shp", data)
    ~~~~~~~~~~~~~~~^^^^^^^^^^^^^^^^^^^
  File "/home/jmbernales/qgispluginsdev/sec_interp/exporters/interpretation_3d_exporter.py", line 80, in export
    features = self._collect_projected_features(
        interpretations, fields, sorted_keys, origin_x, origin_y, azimuth
    )
  File "/home/jmbernales/qgispluginsdev/sec_interp/exporters/interpretation_3d_exporter.py", line 351, in _collect_projected_features
    self._project_to_3d_features(
    ~~~~~~~~~~~~~~~~~~~~~~~~~~~~^
        geom_2d,
        ^^^^^^^^
    ...<6 lines>...
        vert_exag=1.0,
        ^^^^^^^^^^^^^^
    )
    ^
  File "/home/jmbernales/qgispluginsdev/sec_interp/exporters/interpretation_3d_exporter.py", line 193, in _project_to_3d_features
    polygons_2d = geom_2d.asMultiPolygon() if geom_2d.isMultipart() else [geom_2d.asPolygon()]
                                                                          ^^^^^^^^^^^^^^^^^
AttributeError: 'MockQgsGeometry' object has no attribute 'asPolygon'. Did you mean: 'asPolyline'?

======================================================================
ERROR: test_3d_projection_logic (integration.test_export_workflow.TestExportWorkflow.test_3d_projection_logic)
Test internal projection logic from 2D section to 3D space.
----------------------------------------------------------------------
Traceback (most recent call last):
  File "/home/jmbernales/qgispluginsdev/sec_interp/tests/integration/test_export_workflow.py", line 29, in test_3d_projection_logic
    features = exporter._collect_projected_features(
        [interp], fields, keys, origin_x, origin_y, azimuth
    )
  File "/home/jmbernales/qgispluginsdev/sec_interp/exporters/interpretation_3d_exporter.py", line 351, in _collect_projected_features
    self._project_to_3d_features(
    ~~~~~~~~~~~~~~~~~~~~~~~~~~~~^
        geom_2d,
        ^^^^^^^^
    ...<6 lines>...
        vert_exag=1.0,
        ^^^^^^^^^^^^^^
    )
    ^
  File "/home/jmbernales/qgispluginsdev/sec_interp/exporters/interpretation_3d_exporter.py", line 193, in _project_to_3d_features
    polygons_2d = geom_2d.asMultiPolygon() if geom_2d.isMultipart() else [geom_2d.asPolygon()]
                                                                          ^^^^^^^^^^^^^^^^^
AttributeError: 'MockQgsGeometry' object has no attribute 'asPolygon'. Did you mean: 'asPolyline'?

======================================================================
ERROR: test_3d_projection_north (integration.test_export_workflow.TestExportWorkflow.test_3d_projection_north)
Test projection for a line pointing North (Azimuth 90).
----------------------------------------------------------------------
Traceback (most recent call last):
  File "/home/jmbernales/qgispluginsdev/sec_interp/tests/integration/test_export_workflow.py", line 57, in test_3d_projection_north
    features = exporter._collect_projected_features(
        [interp], fields, keys, origin_x, origin_y, azimuth
    )
  File "/home/jmbernales/qgispluginsdev/sec_interp/exporters/interpretation_3d_exporter.py", line 351, in _collect_projected_features
    self._project_to_3d_features(
    ~~~~~~~~~~~~~~~~~~~~~~~~~~~~^
        geom_2d,
        ^^^^^^^^
    ...<6 lines>...
        vert_exag=1.0,
        ^^^^^^^^^^^^^^
    )
    ^
  File "/home/jmbernales/qgispluginsdev/sec_interp/exporters/interpretation_3d_exporter.py", line 193, in _project_to_3d_features
    polygons_2d = geom_2d.asMultiPolygon() if geom_2d.isMultipart() else [geom_2d.asPolygon()]
                                                                          ^^^^^^^^^^^^^^^^^
AttributeError: 'MockQgsGeometry' object has no attribute 'asPolygon'. Did you mean: 'asPolyline'?

======================================================================
ERROR: test_add_and_save_interpretation (integration.test_interpretation_workflow.TestInterpretationWorkflow.test_add_and_save_interpretation)
Test adding an interpretation and saving it to the project.
----------------------------------------------------------------------
Traceback (most recent call last):
  File "/home/jmbernales/qgispluginsdev/sec_interp/tests/integration/test_interpretation_workflow.py", line 16, in setUp
    self.project.clear()
    ^^^^^^^^^^^^^^^^^^
AttributeError: 'MockQgsProject' object has no attribute 'clear'

======================================================================
ERROR: test_clear_all_interpretations (integration.test_interpretation_workflow.TestInterpretationWorkflow.test_clear_all_interpretations)
Test clearing all interpretations from project.
----------------------------------------------------------------------
Traceback (most recent call last):
  File "/home/jmbernales/qgispluginsdev/sec_interp/tests/integration/test_interpretation_workflow.py", line 16, in setUp
    self.project.clear()
    ^^^^^^^^^^^^^^^^^^
AttributeError: 'MockQgsProject' object has no attribute 'clear'

======================================================================
ERROR: test_load_interpretation_from_project (integration.test_interpretation_workflow.TestInterpretationWorkflow.test_load_interpretation_from_project)
Test loading interpretations from project entries.
----------------------------------------------------------------------
Traceback (most recent call last):
  File "/home/jmbernales/qgispluginsdev/sec_interp/tests/integration/test_interpretation_workflow.py", line 16, in setUp
    self.project.clear()
    ^^^^^^^^^^^^^^^^^^
AttributeError: 'MockQgsProject' object has no attribute 'clear'

======================================================================
ERROR: test_dialog_instantiation (integration.test_qgis_smoke.TestQGisSmoke.test_dialog_instantiation)
Verify that the main dialog can be instantiated in headless mode.
----------------------------------------------------------------------
Traceback (most recent call last):
  File "/home/jmbernales/qgispluginsdev/sec_interp/tests/integration/test_qgis_smoke.py", line 35, in test_dialog_instantiation
    dialog = SecInterpDialog(iface=None, plugin_instance=DummyPlugin())
  File "/home/jmbernales/qgispluginsdev/sec_interp/gui/main_dialog.py", line 92, in __init__
    super().__init__(iface, parent)
    ~~~~~~~~~~~~~~~~^^^^^^^^^^^^^^^
  File "/home/jmbernales/qgispluginsdev/sec_interp/gui/ui/main_window.py", line 35, in __init__
    self.sidebar = Sidebar()
                   ~~~~~~~^^
  File "/usr/lib/python3.13/unittest/mock.py", line 1169, in __call__
    return self._mock_call(*args, **kwargs)
           ~~~~~~~~~~~~~~~^^^^^^^^^^^^^^^^^
  File "/usr/lib/python3.13/unittest/mock.py", line 1173, in _mock_call
    return self._execute_mock_call(*args, **kwargs)
           ~~~~~~~~~~~~~~~~~~~~~~~^^^^^^^^^^^^^^^^^
  File "/usr/lib/python3.13/unittest/mock.py", line 1230, in _execute_mock_call
    result = next(effect)
StopIteration

======================================================================
FAIL: test_multi_point_measurement (integration.test_measurement_workflow.TestMeasurementWorkflow.test_multi_point_measurement)
Test sequence of points and final metrics calculation.
----------------------------------------------------------------------
Traceback (most recent call last):
  File "/home/jmbernales/qgispluginsdev/sec_interp/tests/integration/test_measurement_workflow.py", line 30, in test_multi_point_measurement
    self.assertEqual(len(self.received_metrics), 1)
    ~~~~~~~~~~~~~~~~^^^^^^^^^^^^^^^^^^^^^^^^^^^^^^^
AssertionError: 0 != 1

======================================================================
FAIL: test_qgis_layer_instantiation (integration.test_qgis_smoke.TestQGisSmoke.test_qgis_layer_instantiation)
Verify that real QGS objects can be created.
----------------------------------------------------------------------
Traceback (most recent call last):
  File "/home/jmbernales/qgispluginsdev/sec_interp/tests/integration/test_qgis_smoke.py", line 14, in test_qgis_layer_instantiation
    self.assertEqual(layer.fields().count(), 1)
    ~~~~~~~~~~~~~~~~^^^^^^^^^^^^^^^^^^^^^^^^^^^
AssertionError: <MagicMock name='mock.count()' id='129404751294352'> != 1

----------------------------------------------------------------------
Ran 332 tests in 0.702s

FAILED (failures=2, errors=11, skipped=4)
DEBUG: Project CRS: EPSG:4326
